// Jest Snapshot v1, https://goo.gl/fbAQLP

exports[`renders correctly 1`] = `
<div>
  
    0
    
  <button>
    自增
  </button>
</div>
`;
